BENCHMARK:rootcause_ex7.bpl(ERRORFREE)
Processing file rootcause_ex7.bpl
############# Implementation = EQ_A #################
Unable to find rootcause
