BENCHMARK:rootcause_ex12c.bpl(ERRORFREE)
Processing file rootcause_ex12c.bpl
############# Implementation = EQ_C #################
Cause ==>
leftAssignment: h1[index + 1] := 2;
rightAssignment: h2[index + 1] := 1;
