BENCHMARK:rootcause_ex8c.bpl(ERRORFREE)
Processing file rootcause_ex8c.bpl
############# Implementation = EQ_C #################
Cause ==>
leftAssignment: h1 := g(h1[index], h1);
rightAssignment: h2 := g(h2[index] + 1, h2);
