BENCHMARK:rootcause_ex12a.bpl(ERRORFREE)
Processing file rootcause_ex12a.bpl
############# Implementation = EQ_A #################
Left and Right programs are equivalent. Exiting...
