BENCHMARK:rootcause_ex1e.bpl(ERRORFREE)
Processing file rootcause_ex1e.bpl
############# Implementation = EQ_diff #################
Cause ==>
leftAssignment: y1 := M1[4];
rightAssignment: y2 := M2[16];
