BENCHMARK:rootcause_ex8a.bpl(ERRORFREE)
Processing file rootcause_ex8a.bpl
############# Implementation = EQ_A #################
Left and Right programs are equivalent. Exiting...
