BENCHMARK:rootcause_ex1b.bpl(ERRORFREE)
Processing file rootcause_ex1b.bpl
############# Implementation = EQ_diff #################
Unable to find rootcause
